edges
nodes
| test.cpp:4:7:4:7 | definition of x | semmle.label | definition of x |
#select
